// Vitest Snapshot v1, https://vitest.dev/guide/snapshot.html

exports[`should be rendered correctly 1`] = `
<div>
  <p
    class="css-ai2zs0-PresentialUserName"
  >
    Laze Project Team
  </p>
</div>
`;
