// Vitest Snapshot v1

exports[`should be rendered correctly 1`] = `
<a
  class="css-1qn4jyq-PresentialStyledLink-PresentialStyledLink"
  href="/"
/>
`;
