// Vitest Snapshot v1, https://vitest.dev/guide/snapshot.html

exports[`should be rendered correctly 1`] = `
<div
  class="css-1o4q9st-Image"
>
  <span
    style="box-sizing: border-box; display: block; overflow: hidden; width: initial; height: initial; background: none; opacity: 1; border: 0; margin: 0; padding: 0; position: absolute; top: 0; left: 0; bottom: 0; right: 0;"
  >
    <img
      alt="logo"
      data-nimg="fill"
      decoding="async"
      src="data:image/gif;base64,R0lGODlhAQABAIAAAAAAAP///yH5BAEAAAAALAAAAAABAAEAAAIBRAA7"
      style="position: absolute; top: 0; left: 0; bottom: 0; right: 0; box-sizing: border-box; padding: 0; border: none; margin: auto; display: block; width: 0; height: 0; min-width: 100%; max-width: 100%; min-height: 100%; max-height: 100%; object-fit: contain;"
    />
    <noscript />
  </span>
</div>
`;
