// Vitest Snapshot v1

exports[`should be rendered correctly 1`] = `
<p
  class="MuiTypography-root MuiTypography-body1 css-1sute3l-MuiTypography-root-Paragraph"
/>
`;
