// Vitest Snapshot v1, https://vitest.dev/guide/snapshot.html

exports[`should be rendered correctly 1`] = `
<div
  class="MuiPaper-root MuiPaper-elevation MuiPaper-rounded MuiPaper-elevation1 MuiTableContainer-root css-11xur9t-MuiPaper-root-MuiTableContainer-root"
>
  <table
    class="MuiTable-root css-rqglhn-MuiTable-root"
  >
    <thead
      class="MuiTableHead-root css-15wwp11-MuiTableHead-root"
    >
      <tr
        class="MuiTableRow-root MuiTableRow-head css-1q1u3t4-MuiTableRow-root"
      >
        <th
          class="MuiTableCell-root MuiTableCell-head MuiTableCell-sizeMedium css-1ygcj2i-MuiTableCell-root"
          scope="col"
        >
          data 1
        </th>
        <th
          class="MuiTableCell-root MuiTableCell-head MuiTableCell-sizeMedium css-1ygcj2i-MuiTableCell-root"
          scope="col"
        >
          data 2
        </th>
        <th
          class="MuiTableCell-root MuiTableCell-head MuiTableCell-sizeMedium css-1ygcj2i-MuiTableCell-root"
          scope="col"
        >
          data 3
        </th>
      </tr>
    </thead>
    <tbody
      class="MuiTableBody-root css-apqrd9-MuiTableBody-root"
    >
      <tr
        class="MuiTableRow-root css-1q1u3t4-MuiTableRow-root"
      >
        <td
          class="MuiTableCell-root MuiTableCell-body MuiTableCell-sizeMedium css-1ex1afd-MuiTableCell-root"
        >
          1
        </td>
        <td
          class="MuiTableCell-root MuiTableCell-body MuiTableCell-sizeMedium css-1ex1afd-MuiTableCell-root"
        >
          2
        </td>
        <td
          class="MuiTableCell-root MuiTableCell-body MuiTableCell-sizeMedium css-1ex1afd-MuiTableCell-root"
        >
          3
        </td>
      </tr>
      <tr
        class="MuiTableRow-root css-1q1u3t4-MuiTableRow-root"
      >
        <td
          class="MuiTableCell-root MuiTableCell-body MuiTableCell-sizeMedium css-1ex1afd-MuiTableCell-root"
        >
          2
        </td>
        <td
          class="MuiTableCell-root MuiTableCell-body MuiTableCell-sizeMedium css-1ex1afd-MuiTableCell-root"
        >
          4
        </td>
        <td
          class="MuiTableCell-root MuiTableCell-body MuiTableCell-sizeMedium css-1ex1afd-MuiTableCell-root"
        >
          6
        </td>
      </tr>
      <tr
        class="MuiTableRow-root css-1q1u3t4-MuiTableRow-root"
      >
        <td
          class="MuiTableCell-root MuiTableCell-body MuiTableCell-sizeMedium css-1ex1afd-MuiTableCell-root"
        >
          3
        </td>
        <td
          class="MuiTableCell-root MuiTableCell-body MuiTableCell-sizeMedium css-1ex1afd-MuiTableCell-root"
        >
          6
        </td>
        <td
          class="MuiTableCell-root MuiTableCell-body MuiTableCell-sizeMedium css-1ex1afd-MuiTableCell-root"
        >
          9
        </td>
      </tr>
      <tr
        class="MuiTableRow-root css-1q1u3t4-MuiTableRow-root"
      >
        <td
          class="MuiTableCell-root MuiTableCell-body MuiTableCell-sizeMedium css-1ex1afd-MuiTableCell-root"
        >
          4
        </td>
        <td
          class="MuiTableCell-root MuiTableCell-body MuiTableCell-sizeMedium css-1ex1afd-MuiTableCell-root"
        >
          8
        </td>
        <td
          class="MuiTableCell-root MuiTableCell-body MuiTableCell-sizeMedium css-1ex1afd-MuiTableCell-root"
        >
          12
        </td>
      </tr>
    </tbody>
  </table>
</div>
`;
