// Vitest Snapshot v1, https://vitest.dev/guide/snapshot.html

exports[`should be rendered correctly 1`] = `
<div
  class="MuiFormControl-root css-8zhps8-MuiFormControl-root-PresentialLocaleSelectButton"
>
  <label
    class="MuiFormLabel-root MuiInputLabel-root MuiInputLabel-formControl MuiInputLabel-animated MuiInputLabel-shrink MuiInputLabel-sizeSmall MuiInputLabel-outlined MuiFormLabel-colorPrimary MuiFormLabel-filled css-1sumxir-MuiFormLabel-root-MuiInputLabel-root"
    data-shrink="true"
    id="locale-select-label"
  >
    changeLocale
  </label>
  <div
    class="MuiInputBase-root MuiOutlinedInput-root MuiInputBase-colorPrimary MuiInputBase-formControl MuiInputBase-sizeSmall  css-1yk1gt9-MuiInputBase-root-MuiOutlinedInput-root-MuiSelect-root"
  >
    <div
      aria-expanded="false"
      aria-haspopup="listbox"
      aria-labelledby="locale-select-label locale-select"
      class="MuiSelect-select MuiSelect-outlined MuiInputBase-input MuiOutlinedInput-input MuiInputBase-inputSizeSmall css-jedpe8-MuiSelect-select-MuiInputBase-input-MuiOutlinedInput-input"
      id="locale-select"
      role="button"
      tabindex="0"
    >
      English
    </div>
    <input
      aria-hidden="true"
      class="MuiSelect-nativeInput css-yf8vq0-MuiSelect-nativeInput"
      defaultvalue="en"
      tabindex="-1"
    />
    <svg
      aria-hidden="true"
      class="MuiSvgIcon-root MuiSvgIcon-fontSizeMedium MuiSelect-icon MuiSelect-iconOutlined css-hfutr2-MuiSvgIcon-root-MuiSelect-icon"
      data-testid="ArrowDropDownIcon"
      focusable="false"
      viewBox="0 0 24 24"
    >
      <path
        d="M7 10l5 5 5-5z"
      />
    </svg>
    <fieldset
      aria-hidden="true"
      class="MuiOutlinedInput-notchedOutline css-1d3z3hw-MuiOutlinedInput-notchedOutline"
    >
      <legend
        class="css-14lo706"
      >
        <span>
          changeLocale
        </span>
      </legend>
    </fieldset>
  </div>
</div>
`;
