// Vitest Snapshot v1, https://vitest.dev/guide/snapshot.html

exports[`should be rendered correctly 1`] = `null`;
