// Vitest Snapshot v1, https://vitest.dev/guide/snapshot.html

exports[`should be rendered correctly 1`] = `
<div
  class="MuiFormControl-root MuiFormControl-fullWidth MuiTextField-root css-7xf5ru-MuiFormControl-root-MuiTextField-root-PresentialFormDialogSelectItem"
>
  <label
    class="MuiFormLabel-root MuiInputLabel-root MuiInputLabel-formControl MuiInputLabel-animated MuiInputLabel-outlined MuiFormLabel-colorPrimary css-14s5rfu-MuiFormLabel-root-MuiInputLabel-root"
    data-shrink="false"
    for="mock-form-dialog-unique-name"
    id="mock-form-dialog-unique-name-label"
  >
    this is label
  </label>
  <div
    class="MuiInputBase-root MuiOutlinedInput-root MuiInputBase-colorPrimary MuiInputBase-fullWidth MuiInputBase-formControl css-md26zr-MuiInputBase-root-MuiOutlinedInput-root"
  >
    <div
      aria-expanded="false"
      aria-haspopup="listbox"
      aria-labelledby="mock-form-dialog-unique-name-label mock-form-dialog-unique-name"
      class="MuiSelect-select MuiSelect-outlined MuiInputBase-input MuiOutlinedInput-input css-11u53oe-MuiSelect-select-MuiInputBase-input-MuiOutlinedInput-input"
      id="mock-form-dialog-unique-name"
      role="button"
      tabindex="0"
    >
      <span
        class="notranslate"
      >
        â€‹
      </span>
    </div>
    <input
      aria-hidden="true"
      class="MuiSelect-nativeInput css-yf8vq0-MuiSelect-nativeInput"
      defaultvalue=""
      name="unique-name"
      tabindex="-1"
    />
    <svg
      aria-hidden="true"
      class="MuiSvgIcon-root MuiSvgIcon-fontSizeMedium MuiSelect-icon MuiSelect-iconOutlined css-hfutr2-MuiSvgIcon-root-MuiSelect-icon"
      data-testid="ArrowDropDownIcon"
      focusable="false"
      viewBox="0 0 24 24"
    >
      <path
        d="M7 10l5 5 5-5z"
      />
    </svg>
    <fieldset
      aria-hidden="true"
      class="MuiOutlinedInput-notchedOutline css-1d3z3hw-MuiOutlinedInput-notchedOutline"
    >
      <legend
        class="css-yjsfm1"
      >
        <span>
          this is label
        </span>
      </legend>
    </fieldset>
  </div>
</div>
`;
