// Vitest Snapshot v1, https://vitest.dev/guide/snapshot.html

exports[`should be rendered correctly 1`] = `
<div
  class="MuiContainer-root MuiContainer-maxWidthSm css-cuefkz-MuiContainer-root"
>
  <main>
    <h1
      class="css-1pqndvo-PresentialLoginLayout"
    >
      title
    </h1>
    <a
      class="css-1ln0tcx-PresentialStyledLink-PresentialStyledLink-PresentialDefaultLink-PresentialDefaultLink"
      href="/"
    >
      <svg
        aria-hidden="true"
        class="MuiSvgIcon-root MuiSvgIcon-fontSizeMedium css-17e890r-MuiSvgIcon-root"
        data-testid="ArrowBackIosIcon"
        focusable="false"
        viewBox="0 0 24 24"
      >
        <path
          d="M11.67 3.87 9.9 2.1 0 12l9.9 9.9 1.77-1.77L3.54 12z"
        />
      </svg>
      <span>
        backToHome
      </span>
    </a>
    <div
      class="MuiBox-root css-1yjvs5a"
    />
    <div
      class="css-1p5q5e5-MuiStack-root"
    >
      <button
        class="MuiButtonBase-root MuiButton-root MuiButton-outlined MuiButton-outlinedPrimary MuiButton-sizeMedium MuiButton-outlinedSizeMedium css-1h349pu-MuiButtonBase-root-MuiButton-root-googleAuthButtonStyle-GoogleAuthButtonBase"
        tabindex="0"
        type="button"
      >
        <span
          class="MuiButton-startIcon MuiButton-iconSizeMedium css-1d6wzja-MuiButton-startIcon"
        >
          <svg
            class="css-1mcxtvb-authIconStyle"
            role="presentation"
            viewBox="0 0 48 48"
            xmlns="http://www.w3.org/2000/svg"
          >
            <path
              d="M43.611,20.083H42V20H24v8h11.303c-1.649,4.657-6.08,8-11.303,8c-6.627,0-12-5.373-12-12	s5.373-12,12-12c3.059,0,5.842,1.154,7.961,3.039l5.657-5.657C34.046,6.053,29.268,4,24,4C12.955,4,4,12.955,4,24s8.955,20,20,20	s20-8.955,20-20C44,22.659,43.862,21.35,43.611,20.083z"
              fill="#fbc02d"
            />
            <path
              d="M6.306,14.691l6.571,4.819C14.655,15.108,18.961,12,24,12c3.059,0,5.842,1.154,7.961,3.039	l5.657-5.657C34.046,6.053,29.268,4,24,4C16.318,4,9.656,8.337,6.306,14.691z"
              fill="#e53935"
            />
            <path
              d="M24,44c5.166,0,9.86-1.977,13.409-5.192l-6.19-5.238C29.211,35.091,26.715,36,24,36	c-5.202,0-9.619-3.317-11.283-7.946l-6.522,5.025C9.505,39.556,16.227,44,24,44z"
              fill="#4caf50"
            />
            <path
              d="M43.611,20.083L43.595,20L42,20H24v8h11.303c-0.792,2.237-2.231,4.166-4.087,5.571	c0.001-0.001,0.002-0.001,0.003-0.002l6.19,5.238C36.971,39.205,44,34,44,24C44,22.659,43.862,21.35,43.611,20.083z"
              fill="#1565c0"
            />
          </svg>
        </span>
        authwith
        <span
          class="MuiTouchRipple-root css-8je8zh-MuiTouchRipple-root"
        />
      </button>
      <button
        class="MuiButtonBase-root MuiButton-root MuiButton-outlined MuiButton-outlinedPrimary MuiButton-sizeMedium MuiButton-outlinedSizeMedium css-uahfif-MuiButtonBase-root-MuiButton-root-twitterAuthButtonStyle"
        tabindex="0"
        type="button"
      >
        <span
          class="MuiButton-startIcon MuiButton-iconSizeMedium css-1d6wzja-MuiButton-startIcon"
        >
          <svg
            aria-hidden="true"
            class="MuiSvgIcon-root MuiSvgIcon-fontSizeMedium css-1qul6xz-MuiSvgIcon-root-authIconStyle-twitterIconStyle"
            data-testid="TwitterIcon"
            focusable="false"
            viewBox="0 0 24 24"
          >
            <path
              d="M22.46 6c-.77.35-1.6.58-2.46.69.88-.53 1.56-1.37 1.88-2.38-.83.5-1.75.85-2.72 1.05C18.37 4.5 17.26 4 16 4c-2.35 0-4.27 1.92-4.27 4.29 0 .34.04.67.11.98C8.28 9.09 5.11 7.38 3 4.79c-.37.63-.58 1.37-.58 2.15 0 1.49.75 2.81 1.91 3.56-.71 0-1.37-.2-1.95-.5v.03c0 2.08 1.48 3.82 3.44 4.21a4.22 4.22 0 0 1-1.93.07 4.28 4.28 0 0 0 4 2.98 8.521 8.521 0 0 1-5.33 1.84c-.34 0-.68-.02-1.02-.06C3.44 20.29 5.7 21 8.12 21 16 21 20.33 14.46 20.33 8.79c0-.19 0-.37-.01-.56.84-.6 1.56-1.36 2.14-2.23z"
            />
          </svg>
        </span>
        authwith
        <span
          class="MuiTouchRipple-root css-8je8zh-MuiTouchRipple-root"
        />
      </button>
      <button
        class="MuiButtonBase-root MuiButton-root MuiButton-outlined MuiButton-outlinedPrimary MuiButton-sizeMedium MuiButton-outlinedSizeMedium css-1lozw16-MuiButtonBase-root-MuiButton-root-githubAuthButtonStyle"
        tabindex="0"
        type="button"
      >
        <span
          class="MuiButton-startIcon MuiButton-iconSizeMedium css-1d6wzja-MuiButton-startIcon"
        >
          <svg
            aria-hidden="true"
            class="MuiSvgIcon-root MuiSvgIcon-fontSizeMedium css-185grv1-MuiSvgIcon-root-authIconStyle-githubIconStyle"
            data-testid="GitHubIcon"
            focusable="false"
            viewBox="0 0 24 24"
          >
            <path
              d="M12 1.27a11 11 0 00-3.48 21.46c.55.09.73-.28.73-.55v-1.84c-3.03.64-3.67-1.46-3.67-1.46-.55-1.29-1.28-1.65-1.28-1.65-.92-.65.1-.65.1-.65 1.1 0 1.73 1.1 1.73 1.1.92 1.65 2.57 1.2 3.21.92a2 2 0 01.64-1.47c-2.47-.27-5.04-1.19-5.04-5.5 0-1.1.46-2.1 1.2-2.84a3.76 3.76 0 010-2.93s.91-.28 3.11 1.1c1.8-.49 3.7-.49 5.5 0 2.1-1.38 3.02-1.1 3.02-1.1a3.76 3.76 0 010 2.93c.83.74 1.2 1.74 1.2 2.94 0 4.21-2.57 5.13-5.04 5.4.45.37.82.92.82 2.02v3.03c0 .27.1.64.73.55A11 11 0 0012 1.27"
            />
          </svg>
        </span>
        authwith
        <span
          class="MuiTouchRipple-root css-8je8zh-MuiTouchRipple-root"
        />
      </button>
    </div>
    <div
      class="MuiDivider-root MuiDivider-fullWidth MuiDivider-withChildren css-y422lc-MuiDivider-root"
      role="separator"
    >
      <span
        class="MuiDivider-wrapper css-qywfm8-MuiDivider-wrapper"
      >
        common:or
      </span>
    </div>
    <div
      class="MuiBox-root css-xwfmks"
    />
    <div
      aria-hidden="true"
      class="MuiBackdrop-root css-17lf3el-MuiBackdrop-root"
      style="opacity: 0; visibility: hidden;"
    >
      <span
        class="MuiCircularProgress-root MuiCircularProgress-indeterminate MuiCircularProgress-colorInherit css-62e83j-MuiCircularProgress-root"
        role="progressbar"
        style="width: 40px; height: 40px;"
      >
        <svg
          class="MuiCircularProgress-svg css-1idz92c-MuiCircularProgress-svg"
          viewBox="22 22 44 44"
        >
          <circle
            class="MuiCircularProgress-circle MuiCircularProgress-circleIndeterminate css-176wh8e-MuiCircularProgress-circle"
            cx="44"
            cy="44"
            fill="none"
            r="20.2"
            stroke-width="3.6"
          />
        </svg>
      </span>
    </div>
    <form
      aria-label="form.label"
      role="form"
    >
      <div
        class="css-1p5q5e5-MuiStack-root"
      >
        <div
          class="MuiFormControl-root MuiTextField-root css-1u3bzj6-MuiFormControl-root-MuiTextField-root"
        >
          <label
            class="MuiFormLabel-root MuiInputLabel-root MuiInputLabel-formControl MuiInputLabel-animated MuiInputLabel-standard MuiFormLabel-colorPrimary css-aqpgxn-MuiFormLabel-root-MuiInputLabel-root"
            data-shrink="false"
            for=":r0:"
            id=":r0:-label"
          >
            form.email.label
          </label>
          <div
            class="MuiInputBase-root MuiInput-root MuiInput-underline MuiInputBase-colorPrimary MuiInputBase-formControl css-1ptx2yq-MuiInputBase-root-MuiInput-root"
          >
            <input
              aria-invalid="false"
              autocomplete="email"
              class="MuiInputBase-input MuiInput-input css-1x51dt5-MuiInputBase-input-MuiInput-input"
              defaultvalue=""
              id=":r0:"
              name="email"
              type="text"
            />
          </div>
        </div>
        <div
          class="MuiFormControl-root css-1nrlq1o-MuiFormControl-root"
        >
          <label
            class="MuiFormLabel-root MuiInputLabel-root MuiInputLabel-formControl MuiInputLabel-animated MuiInputLabel-standard MuiFormLabel-colorPrimary css-aqpgxn-MuiFormLabel-root-MuiInputLabel-root"
            data-shrink="false"
            for="password-input"
          >
            form.password.label
          </label>
          <div
            class="MuiInputBase-root MuiInput-root MuiInput-underline MuiInputBase-colorPrimary MuiInputBase-formControl MuiInputBase-adornedEnd css-1ptx2yq-MuiInputBase-root-MuiInput-root"
          >
            <input
              aria-invalid="false"
              autocomplete="new-password"
              class="MuiInputBase-input MuiInput-input MuiInputBase-inputAdornedEnd css-1x51dt5-MuiInputBase-input-MuiInput-input"
              defaultvalue=""
              id="password-input"
              name="password"
              role="textbox"
              type="password"
            />
            <div
              class="MuiInputAdornment-root MuiInputAdornment-positionEnd MuiInputAdornment-standard MuiInputAdornment-sizeMedium css-1laqsz7-MuiInputAdornment-root"
            >
              <button
                aria-label="form.password.show_button"
                class="MuiButtonBase-root MuiIconButton-root MuiIconButton-sizeMedium css-78trlr-MuiButtonBase-root-MuiIconButton-root"
                tabindex="0"
                type="button"
              >
                <svg
                  aria-hidden="true"
                  class="MuiSvgIcon-root MuiSvgIcon-fontSizeMedium css-i4bv87-MuiSvgIcon-root"
                  data-testid="VisibilityIcon"
                  focusable="false"
                  viewBox="0 0 24 24"
                >
                  <path
                    d="M12 4.5C7 4.5 2.73 7.61 1 12c1.73 4.39 6 7.5 11 7.5s9.27-3.11 11-7.5c-1.73-4.39-6-7.5-11-7.5zM12 17c-2.76 0-5-2.24-5-5s2.24-5 5-5 5 2.24 5 5-2.24 5-5 5zm0-8c-1.66 0-3 1.34-3 3s1.34 3 3 3 3-1.34 3-3-1.34-3-3-3z"
                  />
                </svg>
                <span
                  class="MuiTouchRipple-root css-8je8zh-MuiTouchRipple-root"
                />
              </button>
            </div>
          </div>
          <p
            class="MuiFormHelperText-root MuiFormHelperText-sizeMedium css-1d1r5q-MuiFormHelperText-root"
          >
            form.password.min_length
          </p>
        </div>
        <div
          class="MuiFormControl-root css-1nrlq1o-MuiFormControl-root"
        >
          <label
            class="MuiFormControlLabel-root MuiFormControlLabel-labelPlacementEnd css-j204z7-MuiFormControlLabel-root"
            for="agreement-checkbox"
          >
            <span
              class="MuiButtonBase-root MuiCheckbox-root MuiCheckbox-colorPrimary PrivateSwitchBase-root MuiCheckbox-root MuiCheckbox-colorPrimary css-12wnr2w-MuiButtonBase-root-MuiCheckbox-root"
            >
              <input
                class="PrivateSwitchBase-input css-1m9pwf3"
                data-indeterminate="false"
                defaultvalue="false"
                id="agreement-checkbox"
                name="agreement"
                type="checkbox"
                value="false"
              />
              <svg
                aria-hidden="true"
                class="MuiSvgIcon-root MuiSvgIcon-fontSizeMedium css-i4bv87-MuiSvgIcon-root"
                data-testid="CheckBoxOutlineBlankIcon"
                focusable="false"
                viewBox="0 0 24 24"
              >
                <path
                  d="M19 5v14H5V5h14m0-2H5c-1.1 0-2 .9-2 2v14c0 1.1.9 2 2 2h14c1.1 0 2-.9 2-2V5c0-1.1-.9-2-2-2z"
                />
              </svg>
              <span
                class="MuiTouchRipple-root css-8je8zh-MuiTouchRipple-root"
              />
            </span>
            <span
              class="MuiTypography-root MuiTypography-body1 MuiFormControlLabel-label css-ahj2mt-MuiTypography-root"
            >
              <a
                class="css-1ln0tcx-PresentialStyledLink-PresentialStyledLink-PresentialDefaultLink-PresentialDefaultLink"
                href="/terms"
              />
              <a
                class="css-1ln0tcx-PresentialStyledLink-PresentialStyledLink-PresentialDefaultLink-PresentialDefaultLink"
                href="/privacy"
              />
            </span>
          </label>
          <p
            class="MuiFormHelperText-root MuiFormHelperText-sizeMedium css-1d1r5q-MuiFormHelperText-root"
          >
            <a
              class="css-1ln0tcx-PresentialStyledLink-PresentialStyledLink-PresentialDefaultLink-PresentialDefaultLink"
              href="/terms"
            />
            <a
              class="css-1ln0tcx-PresentialStyledLink-PresentialStyledLink-PresentialDefaultLink-PresentialDefaultLink"
              href="/privacy"
            />
          </p>
          <p
            class="MuiFormHelperText-root MuiFormHelperText-sizeMedium css-1d1r5q-MuiFormHelperText-root"
          />
        </div>
        <button
          aria-disabled="true"
          class="MuiButtonBase-root Mui-disabled MuiButton-root MuiButton-contained MuiButton-containedPrimary MuiButton-sizeMedium MuiButton-containedSizeMedium css-sghohy-MuiButtonBase-root-MuiButton-root"
          disabled=""
          tabindex="-1"
          type="submit"
        >
          form.label.submit
        </button>
      </div>
    </form>
    <p
      class="css-1f0g64o-PresentialSignup"
    >
      <a
        class="css-1ln0tcx-PresentialStyledLink-PresentialStyledLink-PresentialDefaultLink-PresentialDefaultLink"
        href="/login"
      />
    </p>
  </main>
</div>
`;
