// Vitest Snapshot v1

exports[`should be rendered correctly 1`] = `
<button
  class="MuiButtonBase-root MuiButton-root MuiButton-outlined MuiButton-outlinedPrimary MuiButton-sizeMedium MuiButton-outlinedSizeMedium css-lgsd8a-MuiButtonBase-root-MuiButton-root"
  tabindex="0"
  type="button"
>
  authwith
  <span
    class="MuiTouchRipple-root css-8je8zh-MuiTouchRipple-root"
  />
</button>
`;

exports[`should be rendered correctly 2`] = `
<button
  class="MuiButtonBase-root MuiButton-root MuiButton-outlined MuiButton-outlinedPrimary MuiButton-sizeMedium MuiButton-outlinedSizeMedium css-lgsd8a-MuiButtonBase-root-MuiButton-root"
  tabindex="0"
  type="button"
>
  authwith
  <span
    class="MuiTouchRipple-root css-8je8zh-MuiTouchRipple-root"
  />
</button>
`;

exports[`should be rendered correctly 3`] = `
<button
  class="MuiButtonBase-root MuiButton-root MuiButton-outlined MuiButton-outlinedPrimary MuiButton-sizeMedium MuiButton-outlinedSizeMedium css-lgsd8a-MuiButtonBase-root-MuiButton-root"
  tabindex="0"
  type="button"
>
  authwith
  <span
    class="MuiTouchRipple-root css-8je8zh-MuiTouchRipple-root"
  />
</button>
`;

exports[`should be rendered correctly 4`] = `
<button
  class="MuiButtonBase-root MuiButton-root MuiButton-outlined MuiButton-outlinedPrimary MuiButton-sizeMedium MuiButton-outlinedSizeMedium css-lgsd8a-MuiButtonBase-root-MuiButton-root"
  tabindex="0"
  type="button"
>
  authwith
  <span
    class="MuiTouchRipple-root css-8je8zh-MuiTouchRipple-root"
  />
</button>
`;

exports[`should be rendered correctly 5`] = `
<button
  class="MuiButtonBase-root MuiButton-root MuiButton-outlined MuiButton-outlinedPrimary MuiButton-sizeMedium MuiButton-outlinedSizeMedium css-lgsd8a-MuiButtonBase-root-MuiButton-root"
  tabindex="0"
  type="button"
>
  authwith
  <span
    class="MuiTouchRipple-root css-8je8zh-MuiTouchRipple-root"
  />
</button>
`;

exports[`should be rendered correctly 6`] = `
<button
  class="MuiButtonBase-root MuiButton-root MuiButton-outlined MuiButton-outlinedPrimary MuiButton-sizeMedium MuiButton-outlinedSizeMedium css-lgsd8a-MuiButtonBase-root-MuiButton-root"
  tabindex="0"
  type="button"
>
  authwith
  <span
    class="MuiTouchRipple-root css-8je8zh-MuiTouchRipple-root"
  />
</button>
`;
