// Vitest Snapshot v1

exports[`should be rendered correctly 1`] = `
<a
  class="css-1ln0tcx-PresentialStyledLink-PresentialStyledLink-PresentialDefaultLink-PresentialDefaultLink"
  href="/"
/>
`;
