// Vitest Snapshot v1

exports[`should be rendered correctly 1`] = `
<div
  aria-hidden="true"
  class="MuiBackdrop-root css-17lf3el-MuiBackdrop-root"
  style="opacity: 0; visibility: hidden;"
>
  <span
    class="MuiCircularProgress-root MuiCircularProgress-indeterminate MuiCircularProgress-colorInherit css-62e83j-MuiCircularProgress-root"
    role="progressbar"
    style="width: 40px; height: 40px;"
  >
    <svg
      class="MuiCircularProgress-svg css-1idz92c-MuiCircularProgress-svg"
      viewBox="22 22 44 44"
    >
      <circle
        class="MuiCircularProgress-circle MuiCircularProgress-circleIndeterminate css-176wh8e-MuiCircularProgress-circle"
        cx="44"
        cy="44"
        fill="none"
        r="20.2"
        stroke-width="3.6"
      />
    </svg>
  </span>
</div>
`;
